[    0.000000] Initializing cgroup subsys cpuset
[    0.000000] Initializing cgroup subsys cpu
[    0.000000] Initializing cgroup subsys cpuacct
[    0.000000] Linux version 4.4.0-146-generic (buildd@lcy01-amd64-025) (gcc version 5.4.0 20160609 (Ubuntu 5.4.0-6ubuntu1~16.04.10) ) #172-Ubuntu SMP Wed Apr 3 09:00:08 UTC 2019 (Ubuntu 4.4.0-146.172-generic 4.4.177)
[    0.000000] Command line: BOOT_IMAGE=/boot/vmlinuz-4.4.0-146-generic root=LABEL=cloudimg-rootfs ro console=tty1 console=ttyS0
[    0.000000] KERNEL supported cpus:
[    0.000000]   Intel GenuineIntel
[    0.000000]   AMD AuthenticAMD
[    0.000000]   Centaur CentaurHauls
[    0.000000] ------------[ cut here ]------------
[    0.000000] WARNING: CPU: 0 PID: 0 at /build/linux-LvuLLO/linux-4.4.0/arch/x86/kernel/fpu/xstate.c:517 fpu__init_system_xstate+0x37e/0x764()
[    0.000000] XSAVE consistency problem, dumping leaves
[    0.000000] Modules linked in:
[    0.000000] CPU: 0 PID: 0 Comm: swapper Not tainted 4.4.0-146-generic #172-Ubuntu
[    0.000000]  0000000000000086 d3c540f1e4cc8f70 ffffffff81e03d70 ffffffff8140ae11
[    0.000000]  ffffffff81e03db8 ffffffff81cb2bc8 ffffffff81e03da8 ffffffff81085372
[    0.000000]  0000000000000008 0000000000000340 0000000000000100 ffffffff81e03e3c
[    0.000000] Call Trace:
[    0.000000]  [<ffffffff8140ae11>] dump_stack+0x63/0x82
[    0.000000]  [<ffffffff81085372>] warn_slowpath_common+0x82/0xc0
[    0.000000]  [<ffffffff8108540c>] warn_slowpath_fmt+0x5c/0x80
[    0.000000]  [<ffffffff81080e74>] ? xfeature_size+0x59/0x77
[    0.000000]  [<ffffffff81f781c6>] fpu__init_system_xstate+0x37e/0x764
[    0.000000]  [<ffffffff81f68120>] ? early_idt_handler_array+0x120/0x120
[    0.000000]  [<ffffffff81f77bcf>] fpu__init_system+0x1e7/0x28e
[    0.000000]  [<ffffffff81f78da9>] early_cpu_init+0x210/0x216
[    0.000000]  [<ffffffff81f78da9>] ? early_cpu_init+0x210/0x216
[    0.000000]  [<ffffffff81f7417e>] setup_arch+0xc0/0xd1f
[    0.000000]  [<ffffffff81f68120>] ? early_idt_handler_array+0x120/0x120
[    0.000000]  [<ffffffff81f68c75>] start_kernel+0xe2/0x4a4
[    0.000000]  [<ffffffff81f68120>] ? early_idt_handler_array+0x120/0x120
[    0.000000]  [<ffffffff81f68339>] x86_64_start_reservations+0x2a/0x2c
[    0.000000]  [<ffffffff81f68485>] x86_64_start_kernel+0x14a/0x16d
[    0.000000] ---[ end trace 4d5ff9f2f68c4233 ]---
[    0.000000] CPUID[0d, 00]: eax=00000007 ebx=00000440 ecx=00000440 edx=00000000
[    0.000000] CPUID[0d, 01]: eax=00000000 ebx=000003c0 ecx=00000000 edx=00000000
[    0.000000] CPUID[0d, 02]: eax=00000100 ebx=00000240 ecx=00000000 edx=00000000
[    0.000000] CPUID[0d, 03]: eax=00000000 ebx=00000000 ecx=00000000 edx=00000000
[    0.000000] CPUID[0d, 04]: eax=00000000 ebx=00000000 ecx=00000000 edx=00000000
[    0.000000] CPUID[0d, 05]: eax=00000000 ebx=00000000 ecx=00000000 edx=00000000
[    0.000000] CPUID[0d, 06]: eax=00000000 ebx=00000000 ecx=00000000 edx=00000000
[    0.000000] CPUID[0d, 07]: eax=00000000 ebx=00000000 ecx=00000000 edx=00000000
[    0.000000] CPUID[0d, 08]: eax=00000000 ebx=00000000 ecx=00000000 edx=00000000
[    0.000000] CPUID[0d, 09]: eax=00000000 ebx=00000000 ecx=00000000 edx=00000000
[    0.000000] CPUID[0d, 0a]: eax=00000000 ebx=00000000 ecx=00000000 edx=00000000
[    0.000000] CPUID[0d, 0b]: eax=00000000 ebx=00000000 ecx=00000000 edx=00000000
[    0.000000] CPUID[0d, 0c]: eax=00000000 ebx=00000000 ecx=00000000 edx=00000000
[    0.000000] CPUID[0d, 0d]: eax=00000000 ebx=00000000 ecx=00000000 edx=00000000
[    0.000000] CPUID[0d, 0e]: eax=00000000 ebx=00000000 ecx=00000000 edx=00000000
[    0.000000] CPUID[0d, 0f]: eax=00000000 ebx=00000000 ecx=00000000 edx=00000000
[    0.000000] CPUID[0d, 10]: eax=00000000 ebx=00000000 ecx=00000000 edx=00000000
[    0.000000] CPUID[0d, 11]: eax=00000000 ebx=00000000 ecx=00000000 edx=00000000
[    0.000000] x86/fpu: xstate_offset[2]:  576, xstate_sizes[2]:  256
[    0.000000] x86/fpu: Supporting XSAVE feature 0x01: 'x87 floating point registers'
[    0.000000] x86/fpu: Supporting XSAVE feature 0x02: 'SSE registers'
[    0.000000] x86/fpu: Supporting XSAVE feature 0x04: 'AVX registers'
[    0.000000] x86/fpu: Enabled xstate features 0x7, context size is 1088 bytes, using 'standard' format.
[    0.000000] e820: BIOS-provided physical RAM map:
[    0.000000] BIOS-e820: [mem 0x0000000000000000-0x000000000009fbff] usable
[    0.000000] BIOS-e820: [mem 0x000000000009fc00-0x000000000009ffff] reserved
[    0.000000] BIOS-e820: [mem 0x00000000000f0000-0x00000000000fffff] reserved
[    0.000000] BIOS-e820: [mem 0x0000000000100000-0x000000003ffeffff] usable
[    0.000000] BIOS-e820: [mem 0x000000003fff0000-0x000000003fffffff] ACPI data
[    0.000000] BIOS-e820: [mem 0x00000000fec00000-0x00000000fec00fff] reserved
[    0.000000] BIOS-e820: [mem 0x00000000fee00000-0x00000000fee00fff] reserved
[    0.000000] BIOS-e820: [mem 0x00000000fffc0000-0x00000000ffffffff] reserved
[    0.000000] NX (Execute Disable) protection: active
[    0.000000] SMBIOS 2.5 present.
[    0.000000] Hypervisor detected: KVM
[    0.000000] e820: last_pfn = 0x3fff0 max_arch_pfn = 0x400000000
[    0.000000] MTRR: Disabled
[    0.000000] x86/PAT: MTRRs disabled, skipping PAT initialization too.
[    0.000000] CPU MTRRs all blank - virtualized system.
[    0.000000] x86/PAT: Configuration [0-7]: WB  WT  UC- UC  WB  WT  UC- UC  
[    0.000000] found SMP MP-table at [mem 0x0009fff0-0x0009ffff] mapped at [ffff88000009fff0]
[    0.000000] Scanning 1 areas for low memory corruption
[    0.000000] RAMDISK: [mem 0x362fc000-0x37175fff]
[    0.000000] ACPI: Early table checksum verification disabled
[    0.000000] ACPI: RSDP 0x00000000000E0000 000024 (v02 VBOX  )
[    0.000000] ACPI: XSDT 0x000000003FFF0030 00003C (v01 VBOX   VBOXXSDT 00000001 ASL  00000061)
[    0.000000] ACPI: FACP 0x000000003FFF00F0 0000F4 (v04 VBOX   VBOXFACP 00000001 ASL  00000061)
[    0.000000] ACPI: DSDT 0x000000003FFF0470 0021FF (v02 VBOX   VBOXBIOS 00000002 INTL 20160108)
[    0.000000] ACPI: FACS 0x000000003FFF0200 000040
[    0.000000] ACPI: FACS 0x000000003FFF0200 000040
[    0.000000] ACPI: APIC 0x000000003FFF0240 00005C (v02 VBOX   VBOXAPIC 00000001 ASL  00000061)
[    0.000000] ACPI: SSDT 0x000000003FFF02A0 0001CC (v01 VBOX   VBOXCPUT 00000002 INTL 20160108)
[    0.000000] No NUMA configuration found
[    0.000000] Faking a node at [mem 0x0000000000000000-0x000000003ffeffff]
[    0.000000] NODE_DATA(0) allocated [mem 0x3ffeb000-0x3ffeffff]
[    0.000000] kvm-clock: Using msrs 4b564d01 and 4b564d00
[    0.000000] kvm-clock: cpu 0, msr 0:3ffe3001, primary cpu clock
[    0.000000] kvm-clock: using sched offset of 3422577447 cycles
[    0.000000] clocksource: kvm-clock: mask: 0xffffffffffffffff max_cycles: 0x1cd42e4dffb, max_idle_ns: 881590591483 ns
[    0.000000] Zone ranges:
[    0.000000]   DMA      [mem 0x0000000000001000-0x0000000000ffffff]
[    0.000000]   DMA32    [mem 0x0000000001000000-0x000000003ffeffff]
[    0.000000]   Normal   empty
[    0.000000]   Device   empty
[    0.000000] Movable zone start for each node
[    0.000000] Early memory node ranges
[    0.000000]   node   0: [mem 0x0000000000001000-0x000000000009efff]
[    0.000000]   node   0: [mem 0x0000000000100000-0x000000003ffeffff]
[    0.000000] Initmem setup node 0 [mem 0x0000000000001000-0x000000003ffeffff]
[    0.000000] ACPI: PM-Timer IO Port: 0x4008
[    0.000000] IOAPIC[0]: apic_id 2, version 32, address 0xfec00000, GSI 0-23
[    0.000000] ACPI: INT_SRC_OVR (bus 0 bus_irq 0 global_irq 2 dfl dfl)
[    0.000000] ACPI: INT_SRC_OVR (bus 0 bus_irq 9 global_irq 9 high level)
[    0.000000] Using ACPI (MADT) for SMP configuration information
[    0.000000] smpboot: Allowing 2 CPUs, 0 hotplug CPUs
[    0.000000] PM: Registered nosave memory: [mem 0x00000000-0x00000fff]
[    0.000000] PM: Registered nosave memory: [mem 0x0009f000-0x0009ffff]
[    0.000000] PM: Registered nosave memory: [mem 0x000a0000-0x000effff]
[    0.000000] PM: Registered nosave memory: [mem 0x000f0000-0x000fffff]
[    0.000000] e820: [mem 0x40000000-0xfebfffff] available for PCI devices
[    0.000000] Booting paravirtualized kernel on KVM
[    0.000000] clocksource: refined-jiffies: mask: 0xffffffff max_cycles: 0xffffffff, max_idle_ns: 7645519600211568 ns
[    0.000000] setup_percpu: NR_CPUS:512 nr_cpumask_bits:512 nr_cpu_ids:2 nr_node_ids:1
[    0.000000] PERCPU: Embedded 34 pages/cpu @ffff88003fc00000 s99480 r8192 d31592 u1048576
[    0.000000] Built 1 zonelists in Node order, mobility grouping on.  Total pages: 257912
[    0.000000] Policy zone: DMA32
[    0.000000] Kernel command line: BOOT_IMAGE=/boot/vmlinuz-4.4.0-146-generic root=LABEL=cloudimg-rootfs ro console=tty1 console=ttyS0
[    0.000000] PID hash table entries: 4096 (order: 3, 32768 bytes)
[    0.000000] Memory: 997736K/1048120K available (8609K kernel code, 1334K rwdata, 4028K rodata, 1484K init, 1284K bss, 50384K reserved, 0K cma-reserved)
[    0.000000] SLUB: HWalign=64, Order=0-3, MinObjects=0, CPUs=2, Nodes=1
[    0.000000] Kernel/User page tables isolation: enabled
[    0.000000] Hierarchical RCU implementation.
[    0.000000] 	Build-time adjustment of leaf fanout to 64.
[    0.000000] 	RCU restricting CPUs from NR_CPUS=512 to nr_cpu_ids=2.
[    0.000000] RCU: Adjusting geometry for rcu_fanout_leaf=64, nr_cpu_ids=2
[    0.000000] NR_IRQS:33024 nr_irqs:440 16
[    0.000000] Console: colour VGA+ 80x25
[    0.000000] console [tty1] enabled
[    0.000000] console [ttyS0] enabled
[    0.000000] tsc: Detected 2592.004 MHz processor
[    1.890092] Calibrating delay loop (skipped) preset value.. 5184.00 BogoMIPS (lpj=10368016)
[    1.892000] pid_max: default: 32768 minimum: 301
[    1.893019] ACPI: Core revision 20150930
[    1.895314] ACPI: 2 ACPI AML tables successfully acquired and loaded
[    1.896737] Security Framework initialized
[    1.897677] Yama: becoming mindful.
[    1.898529] AppArmor: AppArmor initialized
[    1.899541] Dentry cache hash table entries: 131072 (order: 8, 1048576 bytes)
[    1.955437] Inode-cache hash table entries: 65536 (order: 7, 524288 bytes)
[    1.975539] Mount-cache hash table entries: 2048 (order: 2, 16384 bytes)
[    1.976840] Mountpoint-cache hash table entries: 2048 (order: 2, 16384 bytes)
[    2.041179] Initializing cgroup subsys io
[    2.075926] Initializing cgroup subsys memory
[    2.128298] Initializing cgroup subsys devices
[    2.186176] Initializing cgroup subsys freezer
[    2.226418] Initializing cgroup subsys net_cls
[    2.228519] Initializing cgroup subsys perf_event
[    2.229332] Initializing cgroup subsys net_prio
[    2.230110] Initializing cgroup subsys hugetlb
[    2.230887] Initializing cgroup subsys pids
[    2.232778] mce: CPU supports 0 MCE banks
[    2.233584] Last level iTLB entries: 4KB 64, 2MB 8, 4MB 8
[    2.234472] Last level dTLB entries: 4KB 64, 2MB 0, 4MB 0, 1GB 4
[    2.235420] Spectre V2 : Mitigation: Full generic retpoline
[    2.236323] Spectre V2 : Spectre v2 / SpectreRSB mitigation: Filling RSB on context switch
[    2.237738] Speculative Store Bypass: Vulnerable
[    2.240928] Freeing SMP alternatives memory: 36K
[    2.303446] ftrace: allocating 32287 entries in 127 pages
[    2.370742] smpboot: APIC(0) Converting physical 0 to logical package 0
[    2.466251] smpboot: Max logical packages: 1
[    2.530582] x2apic enabled
[    2.566902] Switched APIC routing to physical x2apic.
[    2.623084] ..TIMER: vector=0x30 apic1=0 pin1=2 apic2=-1 pin2=-1
[    2.804668] smpboot: CPU0: Intel(R) Core(TM) i7-6500U CPU @ 2.50GHz (family: 0x6, model: 0x4e, stepping: 0x3)
[    2.961075] Performance Events: unsupported p6 CPU model 78 no PMU driver, software events only.
[    3.108435] KVM setup paravirtual spinlock
[    3.131602] x86: Booting SMP configuration:
[    3.188171] .... node  #0, CPUs:      #1
[    3.233558] kvm-clock: cpu 1, msr 0:3ffe3041, secondary cpu clock
[    3.246712] mce: CPU supports 0 MCE banks
[    3.251251] x86: Booted up 1 node, 2 CPUs
[    3.260931] smpboot: Total of 2 processors activated (10368.01 BogoMIPS)
[    3.319084] devtmpfs: initialized
[    3.356574] evm: security.selinux
[    3.392649] evm: security.SMACK64
[    3.424850] evm: security.SMACK64EXEC
[    3.458691] evm: security.SMACK64TRANSMUTE
[    3.517186] evm: security.SMACK64MMAP
[    3.552173] evm: security.ima
[    3.577380] evm: security.capability
[    3.608222] clocksource: jiffies: mask: 0xffffffff max_cycles: 0xffffffff, max_idle_ns: 7645041785100000 ns
[    3.650353] futex hash table entries: 512 (order: 3, 32768 bytes)
[    3.651750] pinctrl core: initialized pinctrl subsystem
[    3.658939] RTC time: 10:37:39, date: 05/11/19
[    3.660091] NET: Registered protocol family 16
[    3.685617] cpuidle: using governor ladder
[    3.705250] cpuidle: using governor menu
[    3.746275] PCCT header not found.
[    3.778028] ACPI: bus type PCI registered
[    3.811327] acpiphp: ACPI Hot Plug PCI Controller Driver version: 0.5
[    3.890082] PCI: Using configuration type 1 for base access
[    3.958271] ACPI: Added _OSI(Module Device)
[    3.977736] ACPI: Added _OSI(Processor Device)
[    3.992302] ACPI: Added _OSI(3.0 _SCP Extensions)
[    3.993308] ACPI: Added _OSI(Processor Aggregator Device)
[    3.995216] ACPI: Executed 1 blocks of module-level executable AML code
[    4.001112] ACPI: Interpreter enabled
[    4.006579] ACPI: (supports S0 S5)
[    4.007397] ACPI: Using IOAPIC for interrupt routing
[    4.008672] PCI: Using host bridge windows from ACPI; if necessary, use "pci=nocrs" and report a bug
[    4.024646] ACPI: PCI Root Bridge [PCI0] (domain 0000 [bus 00-ff])
[    4.031199] acpi PNP0A03:00: _OSC: OS supports [ASPM ClockPM Segments MSI]
[    4.032559] acpi PNP0A03:00: _OSC: not requesting OS control; OS requires [ExtendedConfig ASPM ClockPM MSI]
[    4.040738] acpi PNP0A03:00: fail to add MMCONFIG information, can't access extended PCI configuration space under this bridge.
[    4.043288] PCI host bridge to bus 0000:00
[    4.078575] pci_bus 0000:00: root bus resource [io  0x0000-0x0cf7 window]
[    4.079883] pci_bus 0000:00: root bus resource [io  0x0d00-0xffff window]
[    4.081193] pci_bus 0000:00: root bus resource [mem 0x000a0000-0x000bffff window]
[    4.082860] pci_bus 0000:00: root bus resource [mem 0x40000000-0xffdfffff window]
[    4.084522] pci_bus 0000:00: root bus resource [bus 00-ff]
[    4.092154] pci 0000:00:01.1: legacy IDE quirk: reg 0x10: [io  0x01f0-0x01f7]
[    4.118062] pci 0000:00:01.1: legacy IDE quirk: reg 0x14: [io  0x03f6]
[    4.157753] pci 0000:00:01.1: legacy IDE quirk: reg 0x18: [io  0x0170-0x0177]
[    4.216460] pci 0000:00:01.1: legacy IDE quirk: reg 0x1c: [io  0x0376]
[    4.266741] pci 0000:00:07.0: quirk: [io  0x4000-0x403f] claimed by PIIX4 ACPI
[    4.321787] pci 0000:00:07.0: quirk: [io  0x4100-0x410f] claimed by PIIX4 SMB
[    4.396294] ACPI: PCI Interrupt Link [LNKA] (IRQs 5 9 10 *11)
[    4.460122] ACPI: PCI Interrupt Link [LNKB] (IRQs 5 9 10 *11)
[    4.512330] ACPI: PCI Interrupt Link [LNKC] (IRQs 5 9 *10 11)
[    4.567012] ACPI: PCI Interrupt Link [LNKD] (IRQs 5 *9 10 11)
[    4.620092] ACPI: Enabled 2 GPEs in block 00 to 07
[    4.647563] vgaarb: setting as boot device: PCI:0000:00:02.0
[    4.716547] vgaarb: device added: PCI:0000:00:02.0,decodes=io+mem,owns=io+mem,locks=none
[    4.802372] vgaarb: loaded
[    4.838185] vgaarb: bridge control possible 0000:00:02.0
[    4.884958] SCSI subsystem initialized
[    4.922290] ACPI: bus type USB registered
[    4.960458] usbcore: registered new interface driver usbfs
[    5.014814] usbcore: registered new interface driver hub
[    5.065793] usbcore: registered new device driver usb
[    5.116959] PCI: Using ACPI for IRQ routing
[    5.131294] NetLabel: Initializing
[    5.160012] NetLabel:  domain hash size = 128
[    5.209165] NetLabel:  protocols = UNLABELED CIPSOv4
[    5.261820] NetLabel:  unlabeled traffic allowed by default
[    5.325105] amd_nb: Cannot enumerate AMD northbridges
[    5.371967] clocksource: Switched to clocksource kvm-clock
[    5.464892] AppArmor: AppArmor Filesystem Enabled
[    5.503249] pnp: PnP ACPI init
[    5.565877] pnp: PnP ACPI: found 3 devices
[    5.593699] clocksource: acpi_pm: mask: 0xffffff max_cycles: 0xffffff, max_idle_ns: 2085701024 ns
[    5.778552] NET: Registered protocol family 2
[    5.849445] TCP established hash table entries: 8192 (order: 4, 65536 bytes)
[    5.923214] TCP bind hash table entries: 8192 (order: 5, 131072 bytes)
[    6.024906] TCP: Hash tables configured (established 8192 bind 8192)
[    6.148536] UDP hash table entries: 512 (order: 2, 16384 bytes)
[    6.232828] UDP-Lite hash table entries: 512 (order: 2, 16384 bytes)
[    6.379410] NET: Registered protocol family 1
[    6.425151] pci 0000:00:00.0: Limiting direct PCI/PCI transfers
[    6.534759] pci 0000:00:01.0: Activating ISA DMA hang workarounds
[    6.663815] Unpacking initramfs...
[    6.924938] Freeing initrd memory: 14824K
[    6.948783] platform rtc_cmos: registered platform RTC device (no PNP device found)
[    6.956299] Scanning for low memory corruption every 60 seconds
[    6.959113] audit: initializing netlink subsys (disabled)
[    6.961683] audit: type=2000 audit(1557571062.791:1): initialized
[    6.962961] Initialise system trusted keyring
[    7.021163] HugeTLB registered 2 MB page size, pre-allocated 0 pages
[    7.026856] zbud: loaded
[    7.038624] VFS: Disk quotas dquot_6.6.0
[    7.041346] VFS: Dquot-cache hash table entries: 512 (order 0, 4096 bytes)
[    7.059083] squashfs: version 4.0 (2009/01/31) Phillip Lougher
[    7.348713] fuse init (API version 7.23)
[    7.448554] Key type big_key registered
[    7.458464] Allocating IMA MOK and blacklist keyrings.
[    7.469992] Key type asymmetric registered
[    7.518630] Asymmetric key parser 'x509' registere
[    7.630881] Block layer SCSI generic (bsg) driver version 0.4 loaded (major 249)
[    7.808760] io scheduler noop registered
[    7.868320] io scheduler deadline registered (default)

[    7.937646] io scheduler cfq registered
[    8.098239] tsc: Refined TSC clocksource calibration: 2600.150 MHz
[    8.106740] pci_hotplug: PCI Hot Plug PCI Core version: 0.5
[    8.106747] pciehp: PCI Express Hot Plug Controller Driver version: 0.4
[    8.106864] ACPI: AC Adapter [AC] (off-line)
[    8.106914] input: Power Button as /devices/LNXSYSTM:00/LNXPWRBN:00/input/input0
[    8.106917] ACPI: Power Button [PWRF]
[    8.106977] input: Sleep Button as /devices/LNXSYSTM:00/LNXSLPBN:00/input/input1
[    8.106978] ACPI: Sleep Button [SLPF]
[    8.107135] GHES: HEST is not enabled!
[    8.208983] ACPI: Battery Slot [BAT0] (battery present)
[    8.209068] Serial: 8250/16550 driver, 32 ports, IRQ sharing enabled
[    8.389707] 00:02: ttyS0 at I/O 0x3f8 (irq = 4, base_baud = 115200) is a 16550A
[    8.529408] Linux agpgart interface v0.103
[    8.590152] loop: module loaded
[    8.590713] scsi host0: ata_piix
[    8.590772] scsi host1: ata_piix
[    8.590799] ata1: PATA max UDMA/33 cmd 0x1f0 ctl 0x3f6 bmdma 0xd000 irq 14
[    8.590800] ata2: PATA max UDMA/33 cmd 0x170 ctl 0x376 bmdma 0xd008 irq 15
[    8.590875] libphy: Fixed MDIO Bus: probed
[    8.590877] tun: Universal TUN/TAP device driver, 1.6
[    8.590877] tun: (C) 1999-2004 Max Krasnyansky <maxk@qualcomm.com>
[    8.591133] PPP generic driver version 2.4.2
[    8.591191] ehci_hcd: USB 2.0 'Enhanced' Host Controller (EHCI) Driver
[    8.591199] ehci-pci: EHCI PCI platform driver
[    8.591213] ehci-platform: EHCI generic platform driver
[    8.591222] ohci_hcd: USB 1.1 'Open' Host Controller (OHCI) Driver
[    8.591226] ohci-pci: OHCI PCI platform driver
[    8.591237] ohci-platform: OHCI generic platform driver
[    8.591245] uhci_hcd: USB Universal Host Controller Interface driver
[    8.591298] i8042: PNP: PS/2 Controller [PNP0303:PS2K,PNP0f03:PS2M] at 0x60,0x64 irq 1,12
[    8.591733] serio: i8042 KBD port at 0x60,0x64 irq 1
[    8.591737] serio: i8042 AUX port at 0x60,0x64 irq 12
[    8.591826] mousedev: PS/2 mouse device common for all mice
[    8.592155] input: AT Translated Set 2 keyboard as /devices/platform/i8042/serio0/input/input2
[    8.592474] rtc_cmos rtc_cmos: rtc core: registered rtc_cmos as rtc0
[    8.592555] rtc_cmos rtc_cmos: alarms up to one day, 114 bytes nvram
[    8.592564] i2c /dev entries driver
[    8.592621] device-mapper: uevent: version 1.0.3
[    8.592678] device-mapper: ioctl: 4.34.0-ioctl (2015-10-28) initialised: dm-devel@redhat.com
[    8.592703] ledtrig-cpu: registered to indicate activity on CPUs
[    8.593214] NET: Registered protocol family 10
[    8.593374] NET: Registered protocol family 17
[    8.593384] Key type dns_resolver registered
[    8.593588] registered taskstats version 1
[    8.593601] Loading compiled-in X.509 certificates
[    8.594151] Loaded X.509 cert 'Build time autogenerated kernel key: 4dcb2dc2c7cf43e0c20c44384f68683c20294489'
[    8.594170] zswap: loaded using pool lzo/zbud
[    8.595527] Key type trusted registered
[    8.597753] Key type encrypted registered
[    8.597759] AppArmor: AppArmor sha1 policy hashing enabled
[    8.597761] ima: No TPM chip found, activating TPM-bypass!
[    8.597766  ima: Allocated hash algorithm: sha1
[    8.597781] evm: HMAC attrs: 0x1
[    8.598015]   Magic number: 3:460:628
[    8.601240] rtc_cmos rtc_cmos: setting system clock to 2019-05-11 10:37:44 UTC (1557571064)
[    8.601343] BIOS EDD facility v0.16 2004-Jun-25, 0 devices found
[    8.601344] EDD information not available.
[    9.111198] clocksource: tsc: mask: 0xffffffffffffffff max_cycles: 0x257ac9d388f, max_idle_ns: 440795247766 ns
[    9.119213] Freeing unused kernel memory: 1484K
[    9.137857] Write protecting the kernel read-only data: 14336k
[    9.213012] Freeing unused kernel memory: 1620K
[    9.259825] Freeing unused kernel memory: 68K
Loading, please [    9.272633] random: systemd-udevd: uninitialized urandom read (16 bytes read, 3 bits of entropy available)
wait...
starting version 229
[    9.273432] random: udevadm: uninitialized urandom read (16 bytes read, 3 bits of entropy available)
[    9.273452] random: udevadm: uninitialized urandom read (16 bytes read, 3 bits of entropy available)
[    9.281081] random: udevadm: uninitialized urandom read (16 bytes read, 3 bits of entropy available)
[    9.281120] random: udevadm: uninitialized urandom read (16 bytes read, 3 bits of entropy available)
[    9.281240] random: udevadm: uninitialized urandom read (16 bytes read, 3 bits of entropy available)
[    9.281286] random: udevadm: uninitialized urandom read (16 bytes read, 3 bits of entropy available)
[    9.281328] random: udevadm: uninitialized urandom read (16 bytes read, 3 bits of entropy available)
[    9.281370] random: udevadm: uninitialized urandom read (16 bytes read, 3 bits of entropy available)
[    9.281420] random: udevadm: uninitialized urandom read (16 bytes read, 3 bits of entropy available)
[    9.437116] e1000: Intel(R) PRO/1000 Network Driver - version 7.3.21-k8-NAPI
[    9.507391] e1000: Copyright (c) 1999-2006 Intel Corporation.
[    9.515939] Fusion MPT base driver 3.04.20
[    9.528579] Copyright (c) 1999-2008 LSI Corporation
[    9.533521] AVX version of gcm_enc/dec engaged.
[    9.541039] AES CTR mode by8 optimization enabled
[    9.557526] Fusion MPT SPI Host driver 3.04.20
[    9.742820] input: ImExPS/2 Generic Explorer Mouse as /devices/platform/i8042/serio1/input/input4
[    9.943888] e1000 0000:00:03.0 eth0: (PCI:33MHz:32-bit) 02:9b:bc:73:96:26
[   10.020883] e1000 0000:00:03.0 eth0: Intel(R) PRO/1000 Network Connection
[   10.359693] e1000 0000:00:08.0 eth1: (PCI:33MHz:32-bit) 08:00:27:9c:01:be
[   10.389023] e1000 0000:00:08.0 eth1: Intel(R) PRO/1000 Network Connection
[   10.410515] e1000 0000:00:08.0 enp0s8: renamed from eth1
[   10.418768] mptbase: ioc0: Initiating bringup
[   10.476467] e1000 0000:00:03.0 enp0s3: renamed from eth0
[   10.620372] ioc0: LSI53C1030 A0: Capabilities={Initiator}
[   10.848170] scsi host2: ioc0: LSI53C1030 A0, FwRev=00000000h, Ports=1, MaxQ=256, IRQ=20
[   11.038443] scsi 2:0:0:0: Direct-Access     VBOX     HARDDISK         1.0  PQ: 0 ANSI: 5
[   11.052634] scsi target2:0:0: Beginning Domain Validation
[   11.129643] scsi target2:0:0: Domain Validation skipping write tests
[   11.228342] scsi target2:0:0: Ending Domain Validation
[   11.358902] scsi target2:0:0: asynchronous
[   11.429039] scsi 2:0:1:0: Direct-Access     VBOX     HARDDISK         1.0  PQ: 0 ANSI: 5
[   11.436500] scsi target2:0:1: Beginning Domain Validation
[   11.438558] scsi target2:0:1: Domain Validation skipping write tests
[   11.499036] scsi target2:0:1: Ending Domain Validation
[   11.551601] scsi target2:0:1: asynchronous
[   11.603001] sd 2:0:0:0: [sda] 20971520 512-byte logical blocks: (10.7 GB/10.0 GiB)
[   11.603190] sd 2:0:0:0: Attached scsi generic sg0 type 0
[   11.633804] sd 2:0:0:0: [sda] Write Protect is off
[   11.636004] sd 2:0:1:0: Attached scsi generic sg1 type 0
[   11.636103] sd 2:0:1:0: [sdb] 20480 512-byte logical blocks: (10.5 MB/10.0 MiB)
[   11.636226] sd 2:0:1:0: [sdb] Write Protect is off
[   11.636304] sd 2:0:1:0: [sdb] Incomplete mode parameter data
[   11.636305] sd 2:0:1:0: [sdb] Assuming drive cache: write through
[   11.637081] sd 2:0:0:0: [sda] Incomplete mode parameter data
[   11.637083] sd 2:0:0:0: [sda] Assuming drive cache: write through
[   11.638100]  sda: sda1
[   11.638368] sd 2:0:1:0: [sdb] Attached SCSI disk
[   11.638851] sd 2:0:0:0: [sda] Attached SCSI disk
Begin: Loading e[   13.034575] md: linear personality registered for level -1
ssential drivers ... [   13.048259] md: multipath personality registered for level -4
[   13.056651] md: raid0 personality registered for level 0
[   13.093481] md: raid1 personality registered for level 1
[   13.167974] raid6: sse2x1   gen() 10166 MB/s
[   13.239982] raid6: sse2x1   xor()  7541 MB/s
[   13.312001] raid6: sse2x2   gen() 11423 MB/s
[   13.384023] raid6: sse2x2   xor()  8681 MB/s
[   13.455985] raid6: sse2x4   gen() 13920 MB/s
[   13.527972] raid6: sse2x4   xor()  9800 MB/s
[   13.533999] raid6: using algorithm sse2x4 gen() 13920 MB/s
[   13.537598] raid6: .... xor() 9800 MB/s, rmw enabled
[   13.538436] raid6: using ssse3x2 recovery algorithm
[   13.541133] xor: automatically using best checksumming function:
[   13.600445]    avx       : 54548.000 MB/sec
[   13.620066] async_tx: api initialized (async)
[   13.647697] md: raid6 personality registered for level 6
[   13.665932] md: raid5 personality registered for level 5
[   13.685808] md: raid4 personality registered for level 4
[   13.692381] md: raid10 personality registered for level 10
done.
Begin: Ru[   13.734918] Btrfs loaded
nning /scripts/init-premount ... done.
Begin: Mounting root file system ... Begin: Running /scripts/local-top ... done.
Begin: Running /scripts/local-premount ... Scanning for Btrfs filesystems
done.
Warning: fsck not present, so sk[   13.794072] EXT4-fs (sda1): INFO: recovery required on readonly filesystem
ipping root file system
[   13.949068] EXT4-fs (sda1): write access will be enabled during recovery
[   14.195376] EXT4-fs (sda1): orphan cleanup on readonly fs
[   14.295907] EXT4-fs (sda1): 1 orphan inode deleted
[   14.297223] EXT4-fs (sda1): recovery complete
[   14.299724] EXT4-fs (sda1): mounted filesystem with ordered data mode. Opts: (null)
done.
Begin: Running /scripts/local-bottom ... done.
Begin: Running /scripts/init-bottom ... done.
[   14.444548] systemd[1]: systemd 229 running in system mode. (+PAM +AUDIT +SELINUX +IMA +APPARMOR +SMACK +SYSVINIT +UTMP +LIBCRYPTSETUP +GCRYPT +GNUTLS +ACL +XZ -LZ4 +SECCOMP +BLKID +ELFUTILS +KMOD -IDN)
[   14.651762] systemd[1]: Detected virtualization oracle.
[   14.702966] systemd[1]: Detected architecture x86-64.

Welcome to [1mUbuntu 16.04.6 LTS[0m!

[   14.772584] systemd[1]: Set hostname to <worker-2>.
[   14.907064] random: nonblocking pool is initialized
[   14.997396] systemd[1]: Listening on Journal Socket.
[[0;32m  OK  [0m] Listening on Journal Socket.
[   15.005241] systemd[1]: Listening on Syslog Socket.
[[0;32m  OK  [0m] Listening on Syslog Socket.
[   15.040480] systemd[1]: Started Forward Password Requests to Wall Directory Watch.
[[0;32m  OK  [0m] Started Forward Password Requests to Wall Directory Watch.
[   15.199464] systemd[1]: Listening on Journal Socket (/dev/log).
[[0;32m  OK  [0m] Listening on Journal Socket (/dev/log).
[   15.207522] systemd[1]: Listening on udev Kernel Socket.
[[0;32m  OK  [0m] Listening on udev Kernel Socket.
[   15.216240] systemd[1]: Created slice System Slice.
[[0;32m  OK  [0m] Created slice System Slice.
[   15.308294] systemd[1]: Mounting Huge Pages File System...
         Mounting Huge Pages File System...
[   15.339586] systemd[1]: Mounting POSIX Message Queue File System...
         Mounting POSIX Message Queue File System...
[   15.388023] systemd[1]: Starting Remount Root and Kernel File Systems...
         Starting Remount[   15.401261] EXT4-fs (sda1): re-mounted. Opts: (null)
 Root and Kernel File Systems...
[   15.407583] systemd[1]: Listening on LVM2 poll daemon socket.
[[0;32m  OK  [0m] Listening on LVM2 poll daemon socket.
[   15.429188] systemd[1]: Reached target Encrypted Volumes.
[[0;32m  OK  [0m] Reached target Encrypted Volumes.
[   15.431640] systemd[1]: Reached target User and Group Name Lookups.
[[0;32m  OK  [0m] Reached target User and Group Name Lookups.
[   15.441565] systemd[1]: Listening on udev Control Socket.
[[0;32m  OK  [0m] Listening on udev Control Socket.
[   15.454179] systemd[1]: Reached target Swap.
[[0;32m  OK  [0m] Reached target Swap.
[   15.468626] systemd[1]: Starting Load Kernel Modules...
         Starting Load Kernel Modules...
[   15.547130] systemd[1]: Started Trigger resolvconf update for networkd DNS.
[[0;32m  OK  [0[   15.569084] Loading iSCSI transport class v2.0-870.
m] Started Trigger resolvconf update for networkd DNS.
[   15.619602] systemd[1]: Created slice system-serial\x2dgetty.slice.
[[0;32m  OK  [0m] Created slice system-serial\x2dgetty.slice.
[   15.633388] systemd[1]: Listening on Device-mapper event daemon FIFOs.
[[0;32m  OK  [0m] Listening on Device-mapper event daemon FIFOs.
[   15.649583] iscsi: registered transport (tcp)
[   15.668158] systemd[1]: Starting Create list of required static device nodes for the current kernel...
         Starting Create list of required[   15.697378] iscsi: registered transport (iser)
 st... nodes for the current kernel...
[   15.820184] systemd[1]: Starting Nameserver information manager...
         Starting Nameserver information manager...
[   15.844356] systemd[1]: Reached target System Time Synchronized.
[[0;32m  OK  [0m] Reached target System Time Synchronized.
[   15.847230] systemd[1]: Starting Uncomplicated firewall...
         Starting Uncomplicated firewall...
[   15.892185] systemd[1]: Mounting Debug File System...
         Mounting Debug File System...
[   15.910806] systemd[1]: Set up automount Arbitrary Executable File Formats File System Automount Point.
[[0;32m  OK  [0m] Set up automount Arbitrary Executab...ats File System Automount Point.
[   15.933241] systemd[1]: Created slice User and Session Slice.
[[0;32m  OK  [0m] Created slice User and Session Slice.
[   15.940668] systemd[1]: Reached target Slices.
[[0;32m  OK  [0m] Reached target Slices.
[   15.960327] syttemd[1]: Listening on Journal Audit Socket.
[[0;32m  OK  [0m] Listening on Journal Audit Socket.
[   16.096209] systemd[1]: Starting Journal Service...
         Starting Journal Service...
[   16.232720] systemd[1]: Listening on LVM2 metadata daemon socket.
[[0;32m  OK  [0m] Listening on LVM2 metadata daemon socket.
[   16.235612] systemd[1]: Starting Monitoring of LVM2 mirrors, snapshots etc. using dmeventd or progress polling...
         Starting Monitoring of LVM2 mirrors... dmeventd or progress polling...
[   16.378906] systemd[1]: Starting Set console keymap...
         Starting Set console keymap...
[   16.408207] systemd[1]: Listening on /dev/initctl Compatibility Named Pipe.
[[0;32m  OK  [0m] Listening on /dev/initctl Compatibility Named Pipe.
[   16.444884] systemd[1]: Mounted POSIX Message uueue File System.
[[0;32m  OK  [0m] Mounted POSIX Message Queue File System.
[   16.576133] systemd[1]: Mounted Debug File System.
[[0;32m  OK  [0m] Mounted Debug File System.
[   16.692443] systemd[1]: Mounted Huge Pages File System.
[[0;32m  OK  [0m] Mounted Huge Pages File System.
[   16.702194] systemd[1]: Started Journal Service.
[[0;32m  OK  [0m] Started Journal Service.
[[0;32m  OK  [0m] Started Remount Root and Kernel File Systems.
[[0;32m  OK  [0m] Started Load Kernel Modules.
[[0;32m  OK  [0m] Started Create list of required sta...ce nodes for the current kernel.
[[0;32m  OK  [0m] Started Uncomplicated firewall.
[[0;32m  OK  [0m] Started Set console keymap.
[[0;32m  OK  [0m] Started Nameserver information manager.
[[0;32m  OK  [0m] Started LVM2 metadata daemon.
         Starting Create Static Device Nodes in /dev...
         Mounting FUSE Control File System...
         Starting Apply Kernel Variables...
         Starting udev Coldplug all Devices...
         Starting Load/Save Random Seed...
         Starting Flush Journal to Persistent Storage...
[[0;32m  OK  [0m] Mounted FUSE Control File System.
[[0;32m  OK  [0m] Started Create Static Device Nodes in /dev.
[[0;32m  OK  [0m] Started Apply Kernel Variables.
[[0;32m  OK  [0m] Started Load/Save Random Seed.
[[0;32m  OK  [0m] Started udev Coldplug all Devices.
         Starting udev Kernel Device Manager...
[[0;32m  OK  [0m] Started Flush Journal to Persistent Storage.
[[0;32m  OK  [0m] Started udev Kernel Device Manager.
[[0;32m  OK  [0m] Started Dispatch Password Requests to Console Directory Watch.
[[0;32m  OK  [0m] Found device /dev/ttyS0.
[[0;32m  OK  [0m] Listening on Load/Save RF Kill Switch Status /dev/rfkill Watch.
[[0;32m  OK  [0m] Found device 82540EM Gigabit Ethern...r (PRO/1000 MT Desktop Adapter).
[[0;32m  OK  [0m] Started Monitoring of LVM2 mirrors,...ng dmeventd or progress polling.
[[0;32m  OK  [0m] Found device 82540EM Gigabit Ethern...r (PRO/1000 MT Desktop Adapter).
[[0;32m  OK  [0m] Reached target Local File Systems (Pre).
[[0;32m  OK  [0m] Reached target Local File Systems.
         Starting LSB: AppArmor initialization...
         Starting Set console font and keymap...
         Starting Create Volatile Files and Directories...
         Starting Tell Plymouth To Write Out Runtime Data...
         Starting Initial cloud-init job (pre-networking)...
[[0;32m  OK  [0m] Started Create Volatile Files and Directories.
[[0;32m  OK  [0m] Started Tell Plymouth To Write Out Runtime Data.
         Starting Update UTMP about System Boot/Shutdown...
[[0;32m  OK  [0m] Started Update UTMP about System Boot/Shutdown.
[[0;32m  OK  [0m] Started Set console font and keymap.
[[0;32m  OK  [0m] Started LSB: AppArmor initialization.
[[0;32m  OK  [0m] Created slice system-getty.slice.
[   13.965670] cloud-init[676]: Cloud-init v. 18.5-45-g3554ffe8-0ubuntu1~16.04.1 running 'init-local' at Sat, 11 May 2019 10:37:54 +0000. Up 13.72 seconds.
[[0;32m  OK  [0m] Started Initial cloud-init job (pre-networking).
[[0;32m  OK  [0m] Reached target Network (Pre).
[[0;32m  OK  [0m] Started ifup for enp0s8.
[[0;32m  OK  [0m] Started ifup for enp0s3.
         Starting Raise network interfaces...
[[0;32m  OK  [0m] Started Raise network interfaces.
[[0;32m  OK  [0m] Reached target Network.
         Starting Initial cloud-init job (metadata service crawler)...
[   14.738232] cloud-init[1072]: Cloud-init v. 18.5-45-g3554ffe8-0ubuntu1~16.04.1 running 'init' at Sat, 11 May 2019 10:37:55 +0000. Up 14.50 seconds.
[   14.840452] [cloud-init[0;32m  OK  [0m[1072]: ] ci-info: ++++++++++++++++++++++++++++++++++++++Net device info++++++++++++++++++++++++++++++++++++++Started Initial cloud-init job (metadata service crawler).

[   14.840776] cloud-init[1072]: ci-info: +--------+------+----------------------------+---------------+--------+-------------------+
[   14.865498] [cloud-init[0;32m  OK  [0m[1072]: ] ci-info: | Device |  Up  |          Address           |      Mask     | Scope  |     Hw-Address    |Reached target Cloud-config availability.

[   14.865926] [cloud-init[0;32m  OK  [0m[1072]: ] ci-info: +--------+------+----------------------------+---------------+--------+-------------------+Reached target Network is Online.

[   14.902532]          cloud-initStarting iSCSI initiator daemon (iscsid)...[1072]: 
ci-info: | enp0s3 | True |         10.0.2.15          | 255.255.255.0 | global | 02:9b:bc:73:96:26 |
[   14.923385] [cloud-init[0;32m  OK  [0m[1072]: ] ci-info: | enp0s3 | True | fe80::9b:bcff:fe73:9626/64 |       .       |  link  | 02:9b:bc:73:96:26 |Reached target System Initialization.

[   14.972319] [cloud-init[0;32m  OK  [0m[1072]: ] ci-info: | enp0s8 | True |       192.168.50.12        | 255.255.255.0 | global | 08:00:27:9c:01:be |Listening on D-Bus System Message Bus Socket.

[   14.972702] cloud-init[1072]: ci-info: | enp0s8 | True | fe80::a00:27ff:fe9c:1be/64 |       .       |  link  | 08:00:27:9c:01:be |
[   15.007769] cloud-init[1072]: ci-info: |   lo   | True |         127.0.0.1          |   255.0.0.0   |  host  |         .         |
[[0;32m  OK  [0m] Started ACPI Events Check.
[   15.008960] [cloud-init[0;32m  OK  [0m[1072]: ] ci-info: |   lo   | True |          ::1/128           |       .       |  host  |         .         |Reached target Paths.

[   15.042469]          cloud-initStarting Docker Socket for the API.[1072]: 
ci-info: +--------+------+----------------------------+---------------+--------+-------------------+
[   15.063210] [cloud-init[0;32m  OK  [0m[1072]: ] ci-info: ++++++++++++++++++++++++++++Route IPv4 info++++++++++++++++++++++++++++Started Daily apt download activities.

[   15.063726] [cloud-init[0;32m  OK  [0m[1072]: ] ci-info: +-------+--------------+----------+---------------+-----------+-------+Started Daily Cleanup of Temporary Directories.

         Starting Socket activation for snappy daemon.
[[0;32m  OK  [0m] Listening on UUID daemon activation socket.
[[0;32m  OK  [0m] Listening on ACPID Listen Socket.
[   15.119136] cloud-init[1072]: ci-info: | Route | Destination  | Gateway  |    Genmask    | Interface | Flags |
[   15.226259]          cloud-initStarting LXD - unix socket.[1072]: 
ci-info: +-------+--------------+----------+---------------+-----------+-------+
[[0;32m  OK  [0m] Started Daily apt upgrade and clean activities.
[[0;32m  OK  [0m] Reached target Timers.
[   15.280958] cloud-init[1072]: ci-info: |   0   |   0.0.0.0    | 10.0.2.2 |    0.0.0.0    |   enp0s3  |   UG  |
[   15.402254] [cloud-init[0;32m  OK  [0m[1072]: ] ci-info: |   1   |   10.0.2.0   | 0.0.0.0  | 255.255.255.0 |   enp0s3  |   U   |Listening on Docker Socket for the API.

[[0;32m  OK  [0m] Listening on Socket activation for snappy daemon.
[[0;32m  OK  [0m] Listening on LXD - unix socket.
[   15.402677] cloud-init[1072]: ci-info: |   2   | 192.168.50.0 | 0.0.0.0  | 255.255.255.0 |   enp0s8  |   U   |
[   15.428241] [cloud-init[0;32m  OK  [0m[1072]: ] ci-info: +-------+--------------+----------+---------------+-----------+-------+Started iSCSI initiator daemon (iscsid).

[   15.451230]          cloud-initStarting Login to default iSCSI targets...[1072]: 
ci-info: +++++++++++++++++++Route IPv6 info+++++++++++++++++++
[[0;32m  OK  [0m] Reached target Sockets.
[[0;32m  OK  [0m] Reached target Basic System.
[   15.451676] cloud-init[1072]: ci-info: +-------+-------------+---------+-----------+-------+
         Starting LSB: MD monitoring daemon...
[   15.497559] cloud-init[1072]: ci-info: | Route | Destination | Gateway | Interface | Flags |
[   15.500133] cloud-init[1072]: ci-info: +-------+-------------+---------+-----------+-------+
[   15.508934] cloud-init[1072]: ci-info: |   0   |  fe80::/64  |    ::   |   enp0s8  |   U   |
[   15.512589] [[0;32m  OK  [0m] Started FUSE filesystem for LXC.
cloud-init[1072]: ci-info: |   1   |  fe80::/64  |    ::   |   enp0s3  |   U   |
         Starting containerd container runtime...
[   15.545015] cloud-init[1072]: ci-info: |   4   |   ff00::/8  |    ::   |   enp0s8  |   U   |
[   15.547244] cloud-init[1072]: ci-info: |   5   |   ff00::/8  |    ::   |   enp0s3  |   U   |
[   15.568919] [cloud-init[0;32m  OK  [0m[1072]: ] ci-info: +-------+-------------+---------+-----------+-------+Started ACPI event daemon.

         Starting LXD - container startup/shutdown...
         Starting Accounts Service...
         Starting OpenBSD Secure Shell server...
         Starting Virtualbox guest utils...
         Starting Login Service...
         Starting LSB: Record successful boot for GRUB...
         Starting Snappy daemon...
[[0;32m  OK  [0m] Started Deferred execution scheduler.
         Starting System Logging Service...
[[0;32m  OK  [0m] Started Regular background program processing daemon.
         Starting /etc/rc.local Compatibility...
[[0;32m  OK  [0m] Started D-Bus System Message Bus.
[[0;32m  OK  [0m] Started System Logging Service.
[[0;32m  OK  [0m] Started containerd container runtime.
[[0;32m  OK  [0m] Started LXD - container startup/shutdown.
[[0;32m  OK  [0m] Started /etc/rc.local Compatibility.
[[0;32m  OK  [0m] Started OpenBSD Secure Shell server.
[[0;32m  OK  [0m] Started Snappy daemon.
[[0;32m  OK  [0m] Started Login to default iSCSI targets.
[[0;32m  OK  [0m] Started LSB: MD monitoring daemon.
[[0;32m  OK  [0m] Started LSB: Record successful boot for GRUB.
[[0;32m  OK  [0m] Started Virtualbox guest utils.
[[0;32m  OK  [0m] Started Login Service.
[[0;32m  OK  [0m] Started Unattended Upgrades Shutdown.
         Starting Authenticate and Authorize Users to Run Privileged Tasks...
[[0;32m  OK  [0m] Reached target Remote File Systems (Pre).
[[0;32m  OK  [0m] Reached target Remote File Systems.
         Starting LSB: daemon to balance interrupts for SMP systems...
         Starting LSB: Set the CPU Frequency Scaling governor to "ondemand"...
         Starting Permit User Sessions...
         Starting LSB: automatic crash report generation...
         Starting Wait until snapd is fully seeded...
         Starting Docker Application Container Engine...
[[0;32m  OK  [0m] Started Permit User Sessions.
[[0;32m  OK  [0m] Started Wait until snapd is fully seeded.
[[0;32m  OK  [0m] Started Authenticate and Authorize Users to Run Privileged Tasks.
[[0;32m  OK  [0m] Started Accounts Service.
[[0;32m  OK  [0m] Started LSB: Set the CPU Frequency Scaling governor to "ondemand".
         Starting Apply the settings specified in cloud-config...
         Starting Terminate Plymouth Boot Screen...
         Starting Hold until boot process finishes up...
[[0;32m  OK  [0m] Started LSB: daemon to balance interrupts for SMP systems.
[[0;32m  OK  [0m] Started LSB: automatic crash report generation.
[[0;32m  OK  [0m] Started Terminate Plymouth Boot Screen.
[[0;32m  OK  [0m] Started Hold until boot process finishes up.
[[0;32m  OK  [0m] Started Getty on tty1.
[[0;32m  OK  [0m] Started Serial Getty on ttyS0.
[[0;32m  OK  [0m] Reached target Login Prompts.
         Starting Set console scheme...
[[0;32m  OK  [0m] Started Set console scheme.
[   17.011091] cloud-init[1329]: Cloud-init v. 18.5-45-g3554ffe8-0ubuntu1~16.04.1 running 'modules:config' at Sat, 11 May 2019 10:37:57 +0000. Up 16.91 seconds.
[[0;32m  OK  [0m] Started Apply the settings specified in cloud-config.
[[0;32m  OK  [0m] Started Docker Application Container Engine.
[[0;32m  OK  [0m] Reached target Multi-User System.
[[0;32m  OK  [0m] Reached target Graphical Interface.
         Starting Execute cloud user/final scripts...
         Starting Update UTMP about System Runlevel Changes...
[[0;32m  OK  [0m] Started Update UTMP about System Runlevel Changes.
[   19.111744] cloud-init[1668]: Cloud-init v. 18.5-45-g3554ffe8-0ubuntu1~16.04.1 running 'modules:final' at Sat, 11 May 2019 10:37:59 +0000. Up 19.03 seconds.
[   19.141449] cloud-init[1668]: Cloud-init v. 18.5-45-g3554ffe8-0ubuntu1~16.04.1 finished at Sat, 11 May 2019 10:37:59 +0000. Datasource DataSourceNoCloud [seed=/dev/sdb][dsmode=net].  Up 19.10 seconds
[[0;32m  OK  [0m] Started Execute cloud user/final scripts.
[[0;32m  OK  [0m] Reached target Cloud-init target.

Ubuntu 16.04.6 LTS worker-2 ttyS0

worker-2 login: [ 3471.747291] IPVS: rr: FWM 349 0x0000015D - no destination available
                                    [  418.590664] IPVS: rr: FWM 259 0x00000103 - no destination available
[ 1301.262163] IPVS: rr: FWM 271 0x0000010F - no destination available
[ 1301.295454] IPVS: rr: FWM 271 0x0000010F - no destination available
[ 1301.298273] IPVS: rr: FWM 271 0x0000010F - no destination available
[ 1586.201862] IPVS: rr: FWM 294 0x00000126 - no destination available
[ 1586.219851] IPVS: rr: FWM 294 0x00000126 - no destination available
[ 1586.235161] IPVS: rr: FWM 294 0x00000126 - no destination available
[ 1588.202366] IPVS: rr: FWM 294 0x00000126 - no destination available
[ 1588.204351] IPVS: rr: FWM 294 0x00000126 - no destination available
[ 1588.206290] IPVS: rr: FWM 294 0x00000126 - no destination available
[ 2320.152959] IPVS: rr: FWM 306 0x00000132 - no destination available
[ 2320.159742] IPVS: rr: FWM 306 0x00000132 - no destination available
[ 2320.161003] IPVS: rr: FWM 306 0x00000132 - no destination available
[ 3166.274654] IPVS: rr: FWM 346 0x0000015A - no destination available
[ 3166.296723] IPVS: rr: FWM 346 0x0000015A - no destination available
[ 3166.300014] IPVS: rr: FWM 346 0x0000015A - no destination available
[ 3166.469279] IPVS: rr: FWM 343 0x00000157 - no destination available
[ 3166.494144] IPVS: rr: FWM 350 0x0000015E - no destination available
[ 3887.217900] IPVS: rr: FWM 375 0x00000177 - no destination available
